Agent context:
  tier=targeted effective_tier=targeted rebuild_vnew=n
  changed_paths=1 derived=0 owners=docs:low
  runtime_estimate_sec total=5.0 selected=5.0
  escalation_reason=none

Changed paths:
  - README.md

Minimal validation commands:
  - [0.75 ~5.0s] ./vnew check-md README.md

Warnings:
  - applied default budget 600.0s for tier `targeted`
